﻿
> vite_react_shadcn_ts@0.0.0 build
> vite build

[36mvite v5.4.21 [32mbuilding for production...[36m[39m
transforming...
[32mΓ£ô[39m 2563 modules transformed.
node.exe : 
[31mx[39m Build 
failed in 5.56s
At C:\Program Files\n
odejs\npm.ps1:29 
char:3
+   & $NODE_EXE 
$NPM_CLI_JS $args
+   ~~~~~~~~~~~~~~~~~
~~~~~~~~~~~~
    + CategoryInfo   
           : NotSpe  
  cified: ([31mx   
 [39m Build faile    
d in 5.56s:Strin    
g) [], RemoteExc    
eption
    + FullyQualified 
   ErrorId : Native  
  CommandError
 
[31merror during 
build:
[31msrc/lib/db.ts 
(3:9): "JeepSqlite" 
is not exported by "n
ode_modules/jeep-sqli
te/dist/index.js", 
imported by 
"src/lib/db.ts".[31m
file: [36mC:/Users/k
pmad/Desktop/a100days
challenge/src/lib/db.
ts:3:9[31m
[33m
1: import { 
Capacitor } from 
'@capacitor/core';
2: import { 
CapacitorSQLite, 
SQLiteConnection, 
SQLiteDBConnection } 
from '@capacitor-comm
unity/sqlite';
3: import { 
JeepSqlite } from 
'jeep-sqlite';
            ^
4: 
5: // Define the 
custom element for 
web
[31m
    at 
getRollupError (file:
///C:/Users/kpmad/Des
ktop/a100dayschalleng
e/node_modules/rollup
/dist/es/shared/parse
Ast.js:402:41)
    at error (file://
/C:/Users/kpmad/Deskt
op/a100dayschallenge/
node_modules/rollup/d
ist/es/shared/parseAs
t.js:398:42)
    at Module.error (
file:///C:/Users/kpma
d/Desktop/a100dayscha
llenge/node_modules/r
ollup/dist/es/shared/
node-entry.js:17037:1
6)
    at 
Module.traceVariable 
(file:///C:/Users/kpm
ad/Desktop/a100daysch
allenge/node_modules/
rollup/dist/es/shared
/node-entry.js:17449:
29)
    at ModuleScope.fi
ndVariable (file:///C
:/Users/kpmad/Desktop
/a100dayschallenge/no
de_modules/rollup/dis
t/es/shared/node-entr
y.js:15067:39)
    at TrackingScope.
findVariable (file://
/C:/Users/kpmad/Deskt
op/a100dayschallenge/
node_modules/rollup/d
ist/es/shared/node-en
try.js:5673:38)
    at BlockScope.fin
dVariable (file:///C:
/Users/kpmad/Desktop/
a100dayschallenge/nod
e_modules/rollup/dist
/es/shared/node-entry
.js:5673:38)
    at 
Identifier.bind (file
:///C:/Users/kpmad/De
sktop/a100dayschallen
ge/node_modules/rollu
p/dist/es/shared/node
-entry.js:5447:40)
    at 
CallExpression.bind (
file:///C:/Users/kpma
d/Desktop/a100dayscha
llenge/node_modules/r
ollup/dist/es/shared/
node-entry.js:2825:28
)
    at 
CallExpression.bind (
file:///C:/Users/kpma
d/Desktop/a100dayscha
llenge/node_modules/r
ollup/dist/es/shared/
node-entry.js:12179:1
5)[39m
